#-----------------------------------------------------------
# Vivado v2022.1 (64-bit)
# SW Build 3526262 on Mon Apr 18 15:47:01 MDT 2022
# IP Build 3524634 on Mon Apr 18 20:55:01 MDT 2022
# Start of session at: Wed May 22 10:28:57 2024
# Process ID: 36460
# Current directory: /asic/projects/C/CMS_PIX_28/gingu/spacely/spacely-caribou-common-blocks/cms_pix_28_test_firmware/vivado/cms_pix_28_test_firmware.runs/configReg_interface_bd_auto_ds_0_synth_1
# Command line: vivado -log configReg_interface_bd_auto_ds_0.vds -product Vivado -mode batch -messageDb vivado.pb -notrace -source configReg_interface_bd_auto_ds_0.tcl
# Log file: /asic/projects/C/CMS_PIX_28/gingu/spacely/spacely-caribou-common-blocks/cms_pix_28_test_firmware/vivado/cms_pix_28_test_firmware.runs/configReg_interface_bd_auto_ds_0_synth_1/configReg_interface_bd_auto_ds_0.vds
# Journal file: /asic/projects/C/CMS_PIX_28/gingu/spacely/spacely-caribou-common-blocks/cms_pix_28_test_firmware/vivado/cms_pix_28_test_firmware.runs/configReg_interface_bd_auto_ds_0_synth_1/vivado.jou
# Running On: fasic-beast2.fnal.gov, OS: Linux, CPU Frequency: 1388.696 MHz, CPU Physical cores: 31, Host memory: 540748 MB
#-----------------------------------------------------------
source configReg_interface_bd_auto_ds_0.tcl -notrace
