#-----------------------------------------------------------
# Vivado v2022.1 (64-bit)
# SW Build 3526262 on Mon Apr 18 15:47:01 MDT 2022
# IP Build 3524634 on Mon Apr 18 20:55:01 MDT 2022
# Start of session at: Mon Jun  3 19:46:20 2024
# Process ID: 70343
# Current directory: /asic/projects/C/CMS_PIX_28/gingu/spacely/spacely-caribou-common-blocks/cms_pix_28_test_firmware/vivado/cms_pix_28_test_firmware.runs/synth_1
# Command line: vivado -log cms_pix_28_fw_top_bd_wrapper.vds -product Vivado -mode batch -messageDb vivado.pb -notrace -source cms_pix_28_fw_top_bd_wrapper.tcl
# Log file: /asic/projects/C/CMS_PIX_28/gingu/spacely/spacely-caribou-common-blocks/cms_pix_28_test_firmware/vivado/cms_pix_28_test_firmware.runs/synth_1/cms_pix_28_fw_top_bd_wrapper.vds
# Journal file: /asic/projects/C/CMS_PIX_28/gingu/spacely/spacely-caribou-common-blocks/cms_pix_28_test_firmware/vivado/cms_pix_28_test_firmware.runs/synth_1/vivado.jou
# Running On: fasic-beast2.fnal.gov, OS: Linux, CPU Frequency: 1200.036 MHz, CPU Physical cores: 32, Host memory: 540748 MB
#-----------------------------------------------------------
source cms_pix_28_fw_top_bd_wrapper.tcl -notrace
