Copyright 1986-2022 Xilinx, Inc. All Rights Reserved.
------------------------------------------------------------------------------------------------------------------------------------------------------------------------------
| Tool Version : Vivado v.2022.1 (lin64) Build 3526262 Mon Apr 18 15:47:01 MDT 2022
| Date         : Fri Jun 21 09:33:49 2024
| Host         : fasic-beast2.fnal.gov running 64-bit Scientific Linux release 7.9 (Nitrogen)
| Command      : report_drc -file cms_pix_28_fw_top_bd_wrapper_drc_routed.rpt -pb cms_pix_28_fw_top_bd_wrapper_drc_routed.pb -rpx cms_pix_28_fw_top_bd_wrapper_drc_routed.rpx
| Design       : cms_pix_28_fw_top_bd_wrapper
| Device       : xczu9eg-ffvb1156-2-e
| Speed File   : -2
| Design State : Fully Routed
------------------------------------------------------------------------------------------------------------------------------------------------------------------------------

Report DRC

Table of Contents
-----------------
1. REPORT SUMMARY
2. REPORT DETAILS

1. REPORT SUMMARY
-----------------
            Netlist: netlist
          Floorplan: design_1
      Design limits: <entire design considered>
           Ruledeck: default
             Max violations: <unlimited>
             Violations found: 1
+-----------+----------+-------------------+------------+
| Rule      | Severity | Description       | Violations |
+-----------+----------+-------------------+------------+
| RTSTAT-10 | Warning  | No routable loads | 1          |
+-----------+----------+-------------------+------------+

2. REPORT DETAILS
-----------------
RTSTAT-10#1 Warning
No routable loads  
22 net(s) have no routable loads. The problem bus(es) and/or net(s) are cms_pix_28_fw_top_bd_i/fw_top_v_0/inst/fw_top_inst/axi4lite_interface_top_for_pix28_fw_inst/sw_write32_0_reg[14]_2,
cms_pix_28_fw_top_bd_i/fw_top_v_0/inst/fw_top_inst/axi4lite_interface_top_for_pix28_fw_inst/sw_write32_0_reg[14]_3,
cms_pix_28_fw_top_bd_i/fw_top_v_0/inst/fw_top_inst/fw_ipx_wrap_inst/fw_ip2_inst/ip2_test1_inst/sm_test1_o_scanchain_reg_load_rep_i_1__0_n_0,
cms_pix_28_fw_top_bd_i/fw_top_v_0/inst/fw_top_inst/fw_ipx_wrap_inst/fw_ip2_inst/ip2_test1_inst/sm_test1_o_scanchain_reg_load_rep_i_1__1_n_0,
cms_pix_28_fw_top_bd_i/fw_top_v_0/inst/fw_top_inst/fw_ipx_wrap_inst/fw_ip2_inst/ip2_test1_inst/sm_test1_o_scanchain_reg_load_rep_i_1__2_n_0,
cms_pix_28_fw_top_bd_i/fw_top_v_0/inst/fw_top_inst/fw_ipx_wrap_inst/fw_ip2_inst/ip2_test1_inst/sm_test1_o_scanchain_reg_load_rep_i_1__3_n_0,
cms_pix_28_fw_top_bd_i/fw_top_v_0/inst/fw_top_inst/fw_ipx_wrap_inst/fw_ip2_inst/ip2_test1_inst/sm_test1_o_scanchain_reg_load_rep_i_1__4_n_0,
cms_pix_28_fw_top_bd_i/fw_top_v_0/inst/fw_top_inst/fw_ipx_wrap_inst/fw_ip2_inst/ip2_test1_inst/sm_test1_o_scanchain_reg_load_rep_i_1__5_n_0,
cms_pix_28_fw_top_bd_i/fw_top_v_0/inst/fw_top_inst/fw_ipx_wrap_inst/fw_ip2_inst/ip2_test1_inst/sm_test1_o_scanchain_reg_load_rep_i_1_n_0,
cms_pix_28_fw_top_bd_i/fw_top_v_0/inst/fw_top_inst/fw_ipx_wrap_inst/fw_ip2_inst/ip2_test2_inst/sm_test2_o_scanchain_reg_load,
cms_pix_28_fw_top_bd_i/fw_top_v_0/inst/fw_top_inst/fw_ipx_wrap_inst/fw_ip2_inst/ip2_test2_inst/sm_test2_o_scanchain_reg_load_rep_i_1__1_n_0,
cms_pix_28_fw_top_bd_i/fw_top_v_0/inst/fw_top_inst/fw_ipx_wrap_inst/fw_ip2_inst/ip2_test2_inst/sm_test2_o_scanchain_reg_load_rep_i_1__2_n_0,
cms_pix_28_fw_top_bd_i/fw_top_v_0/inst/fw_top_inst/fw_ipx_wrap_inst/fw_ip2_inst/ip2_test2_inst/sm_test2_o_scanchain_reg_load_rep_i_1__3_n_0,
cms_pix_28_fw_top_bd_i/fw_top_v_0/inst/fw_top_inst/fw_ipx_wrap_inst/fw_ip2_inst/ip2_test2_inst/sm_test2_o_scanchain_reg_load_rep_i_1__4_n_0,
cms_pix_28_fw_top_bd_i/fw_top_v_0/inst/fw_top_inst/fw_ipx_wrap_inst/fw_ip2_inst/ip2_test2_inst/sm_test2_o_scanchain_reg_load_rep_i_1__5_n_0
 (the first 15 of 22 listed nets/buses).
Related violations: <none>


