Copyright 1986-2022 Xilinx, Inc. All Rights Reserved.
--------------------------------------------------------------------------------------------------------------------------------------------------------------------------------------------------------------------------
| Tool Version      : Vivado v.2022.1 (lin64) Build 3526262 Mon Apr 18 15:47:01 MDT 2022
| Date              : Fri Jun 21 09:34:03 2024
| Host              : fasic-beast2.fnal.gov running 64-bit Scientific Linux release 7.9 (Nitrogen)
| Command           : report_bus_skew -warn_on_violation -file cms_pix_28_fw_top_bd_wrapper_bus_skew_routed.rpt -pb cms_pix_28_fw_top_bd_wrapper_bus_skew_routed.pb -rpx cms_pix_28_fw_top_bd_wrapper_bus_skew_routed.rpx
| Design            : cms_pix_28_fw_top_bd_wrapper
| Device            : xczu9eg-ffvb1156
| Speed File        : -2  PRODUCTION 1.29 08-03-2020
| Temperature Grade : E
--------------------------------------------------------------------------------------------------------------------------------------------------------------------------------------------------------------------------

Bus Skew Report

No bus skew constraints

