Copyright 1986-2022 Xilinx, Inc. All Rights Reserved.
----------------------------------------------------------------------------------------------------------------------------------------------------------------------------------------------------------
| Tool Version     : Vivado v.2022.1 (lin64) Build 3526262 Mon Apr 18 15:47:01 MDT 2022
| Date             : Fri Jun 21 18:03:16 2024
| Host             : fasic-beast2.fnal.gov running 64-bit Scientific Linux release 7.9 (Nitrogen)
| Command          : report_power -file cms_pix_28_fw_top_bd_wrapper_power_routed.rpt -pb cms_pix_28_fw_top_bd_wrapper_power_summary_routed.pb -rpx cms_pix_28_fw_top_bd_wrapper_power_routed.rpx
| Design           : cms_pix_28_fw_top_bd_wrapper
| Device           : xczu9eg-ffvb1156-2-e
| Design State     : routed
| Grade            : extended
| Process          : typical
| Characterization : Production
----------------------------------------------------------------------------------------------------------------------------------------------------------------------------------------------------------

Power Report

Table of Contents
-----------------
1. Summary
1.1 On-Chip Components
1.2 Power Supply Summary
1.3 Confidence Level
2. Settings
2.1 Environment
2.2 Clock Constraints
3. Detailed Reports
3.1 By Hierarchy

1. Summary
----------

+--------------------------+--------------+
| Total On-Chip Power (W)  | 3.086        |
| Design Power Budget (W)  | Unspecified* |
| Power Budget Margin (W)  | NA           |
| Dynamic (W)              | 2.364        |
| Device Static (W)        | 0.722        |
| Effective TJA (C/W)      | 1.0          |
| Max Ambient (C)          | 97.0         |
| Junction Temperature (C) | 28.0         |
| Confidence Level         | Low          |
| Setting File             | ---          |
| Simulation Activity File | ---          |
| Design Nets Matched      | NA           |
+--------------------------+--------------+
* Specify Design Power Budget using, set_operating_conditions -design_power_budget <value in Watts>


1.1 On-Chip Components
----------------------

+--------------------------+-----------+----------+-----------+-----------------+
| On-Chip                  | Power (W) | Used     | Available | Utilization (%) |
+--------------------------+-----------+----------+-----------+-----------------+
| Clocks                   |     0.044 |        5 |       --- |             --- |
| CLB Logic                |     0.004 |    23052 |       --- |             --- |
|   LUT as Logic           |     0.003 |     7535 |    274080 |            2.75 |
|   Register               |    <0.001 |    11202 |    548160 |            2.04 |
|   LUT as Shift Register  |    <0.001 |       42 |    144000 |            0.03 |
|   LUT as Distributed RAM |    <0.001 |       44 |    144000 |            0.03 |
|   CARRY8                 |    <0.001 |        6 |     34260 |            0.02 |
|   Others                 |     0.000 |      100 |       --- |             --- |
|   F7/F8 Muxes            |     0.000 |     3362 |    274080 |            1.23 |
|   BUFG                   |     0.000 |        1 |        32 |            3.13 |
| Signals                  |     0.005 |    14191 |       --- |             --- |
| MMCM                     |     0.098 |        0 |       --- |             --- |
| I/O                      |     0.003 |       11 |       328 |            3.35 |
| PS8                      |     2.210 |        1 |       --- |             --- |
| Static Power             |     0.722 |          |           |                 |
|   PS Static              |     0.101 |          |           |                 |
|   PL Static              |     0.621 |          |           |                 |
| Total                    |     3.086 |          |           |                 |
+--------------------------+-----------+----------+-----------+-----------------+


1.2 Power Supply Summary
------------------------

+-----------------+-------------+-----------+-------------+------------+-------------+-------------+------------+
| Source          | Voltage (V) | Total (A) | Dynamic (A) | Static (A) | Powerup (A) | Budget (A)  | Margin (A) |
+-----------------+-------------+-----------+-------------+------------+-------------+-------------+------------+
| Vccint          |       0.850 |     0.260 |       0.064 |      0.196 |       NA    | Unspecified | NA         |
| Vccint_io       |       0.850 |     0.036 |       0.000 |      0.036 |       NA    | Unspecified | NA         |
| Vccbram         |       0.850 |     0.003 |       0.000 |      0.003 |       NA    | Unspecified | NA         |
| Vccaux          |       1.800 |     0.247 |       0.054 |      0.193 |       NA    | Unspecified | NA         |
| Vccaux_io       |       1.800 |     0.034 |       0.002 |      0.033 |       NA    | Unspecified | NA         |
| Vcco33          |       3.300 |     0.000 |       0.000 |      0.000 |       NA    | Unspecified | NA         |
| Vcco25          |       2.500 |     0.000 |       0.000 |      0.000 |       NA    | Unspecified | NA         |
| Vcco18          |       1.800 |     0.000 |       0.000 |      0.000 |       NA    | Unspecified | NA         |
| Vcco15          |       1.500 |     0.000 |       0.000 |      0.000 |       NA    | Unspecified | NA         |
| Vcco135         |       1.350 |     0.000 |       0.000 |      0.000 |       NA    | Unspecified | NA         |
| Vcco12          |       1.200 |     0.000 |       0.000 |      0.000 |       NA    | Unspecified | NA         |
| Vcco10          |       1.000 |     0.000 |       0.000 |      0.000 |       NA    | Unspecified | NA         |
| Vccadc          |       1.800 |     0.008 |       0.000 |      0.008 |       NA    | Unspecified | NA         |
| VCC_PSINTFP     |       0.850 |     1.078 |       1.044 |      0.034 |       NA    | Unspecified | NA         |
| VCC_PSINTLP     |       0.850 |     0.231 |       0.224 |      0.007 |       NA    | Unspecified | NA         |
| VPS_MGTRAVCC    |       0.850 |     0.001 |       0.000 |      0.001 |       NA    | Unspecified | NA         |
| VCC_PSINTFP_DDR |       0.850 |     0.548 |       0.544 |      0.004 |       NA    | Unspecified | NA         |
| VCC_PSPLL       |       1.200 |     0.069 |       0.067 |      0.002 |       NA    | Unspecified | NA         |
| VPS_MGTRAVTT    |       1.800 |     0.001 |       0.000 |      0.001 |       NA    | Unspecified | NA         |
| VCCO_PSDDR_504  |       1.200 |     0.525 |       0.491 |      0.034 |       NA    | Unspecified | NA         |
| VCC_PSAUX       |       1.800 |     0.002 |       0.000 |      0.002 |       NA    | Unspecified | NA         |
| VCC_PSBATT      |       1.200 |     0.000 |       0.000 |      0.000 |       NA    | Unspecified | NA         |
| VCC_PSDDR_PLL   |       1.800 |     0.001 |       0.000 |      0.001 |       NA    | Unspecified | NA         |
| VCCO_PSIO0_500  |       3.300 |     0.001 |       0.000 |      0.001 |       NA    | Unspecified | NA         |
| VCCO_PSIO1_501  |       3.300 |     0.001 |       0.000 |      0.001 |       NA    | Unspecified | NA         |
| VCCO_PSIO2_502  |       3.300 |     0.001 |       0.000 |      0.001 |       NA    | Unspecified | NA         |
| VCCO_PSIO3_503  |       3.300 |     0.001 |       0.000 |      0.001 |       NA    | Unspecified | NA         |
| VCC_PSADC       |       1.800 |     0.002 |       0.000 |      0.002 |       NA    | Unspecified | NA         |
| MGTAVcc         |       0.900 |     0.000 |       0.000 |      0.000 |       NA    | Unspecified | NA         |
| MGTAVtt         |       1.200 |     0.000 |       0.000 |      0.000 |       NA    | Unspecified | NA         |
| MGTVccaux       |       1.800 |     0.000 |       0.000 |      0.000 |       NA    | Unspecified | NA         |
+-----------------+-------------+-----------+-------------+------------+-------------+-------------+------------+


1.3 Confidence Level
--------------------

+-----------------------------+------------+--------------------------------------------------------+------------------------------------------------------------------------------------------------------------+
| User Input Data             | Confidence | Details                                                | Action                                                                                                     |
+-----------------------------+------------+--------------------------------------------------------+------------------------------------------------------------------------------------------------------------+
| Design implementation state | High       | Design is routed                                       |                                                                                                            |
| Clock nodes activity        | High       | User specified more than 95% of clocks                 |                                                                                                            |
| I/O nodes activity          | Low        | More than 75% of inputs are missing user specification | Provide missing input activity with simulation results or by editing the "By Resource Type -> I/Os" view   |
| Internal nodes activity     | Medium     | User specified less than 25% of internal nodes         | Provide missing internal nodes activity with simulation results or by editing the "By Resource Type" views |
| Device models               | High       | Device models are Production                           |                                                                                                            |
|                             |            |                                                        |                                                                                                            |
| Overall confidence level    | Low        |                                                        |                                                                                                            |
+-----------------------------+------------+--------------------------------------------------------+------------------------------------------------------------------------------------------------------------+


2. Settings
-----------

2.1 Environment
---------------

+-----------------------+--------------------------+
| Ambient Temp (C)      | 25.0                     |
| ThetaJA (C/W)         | 1.0                      |
| Airflow (LFM)         | 250                      |
| Heat Sink             | medium (Medium Profile)  |
| ThetaSA (C/W)         | 1.5                      |
| Board Selection       | medium (10"x10")         |
| # of Board Layers     | 12to15 (12 to 15 Layers) |
| Board Temperature (C) | 25.0                     |
+-----------------------+--------------------------+


2.2 Clock Constraints
---------------------

+-------------------------------------------+---------------------------------------------------------------------------------+-----------------+
| Clock                                     | Domain                                                                          | Constraint (ns) |
+-------------------------------------------+---------------------------------------------------------------------------------+-----------------+
| clk_out1_cms_pix_28_fw_top_bd_clk_wiz_0_0 | cms_pix_28_fw_top_bd_i/clk_wiz_0/inst/clk_out1_cms_pix_28_fw_top_bd_clk_wiz_0_0 |             2.5 |
| clk_pl_0                                  | cms_pix_28_fw_top_bd_i/zynq_ultra_ps_e_0/inst/pl_clk_unbuffered[0]              |            10.0 |
| clkfbout_cms_pix_28_fw_top_bd_clk_wiz_0_0 | cms_pix_28_fw_top_bd_i/clk_wiz_0/inst/clkfbout_cms_pix_28_fw_top_bd_clk_wiz_0_0 |            10.0 |
+-------------------------------------------+---------------------------------------------------------------------------------+-----------------+


3. Detailed Reports
-------------------

3.1 By Hierarchy
----------------

+------------------------------+-----------+
| Name                         | Power (W) |
+------------------------------+-----------+
| cms_pix_28_fw_top_bd_wrapper |     2.364 |
|   cms_pix_28_fw_top_bd_i     |     2.361 |
|     axi_interconnect_0       |     0.006 |
|       s00_couplers           |     0.006 |
|     clk_wiz_0                |     0.099 |
|       inst                   |     0.099 |
|     fw_top_v_0               |     0.045 |
|       inst                   |     0.045 |
|     zynq_ultra_ps_e_0        |     2.212 |
|       inst                   |     2.212 |
+------------------------------+-----------+


