Copyright 1986-2022 Xilinx, Inc. All Rights Reserved.
--------------------------------------------------------------------------------------------------------------------------------------------------------------------------------------------------------------------------
| Tool Version : Vivado v.2022.1 (lin64) Build 3526262 Mon Apr 18 15:47:01 MDT 2022
| Date         : Fri Jun 14 17:56:51 2024
| Host         : fasic-137645.fnal.gov running 64-bit Scientific Linux release 7.9 (Nitrogen)
| Command      : report_methodology -file cms_pix_28_fw_top_bd_wrapper_methodology_drc_routed.rpt -pb cms_pix_28_fw_top_bd_wrapper_methodology_drc_routed.pb -rpx cms_pix_28_fw_top_bd_wrapper_methodology_drc_routed.rpx
| Design       : cms_pix_28_fw_top_bd_wrapper
| Device       : xczu9eg-ffvb1156-2-e
| Speed File   : -2
| Design State : Fully Routed
--------------------------------------------------------------------------------------------------------------------------------------------------------------------------------------------------------------------------

Report Methodology

Table of Contents
-----------------
1. REPORT SUMMARY
2. REPORT DETAILS

1. REPORT SUMMARY
-----------------
            Netlist: netlist
          Floorplan: design_1
      Design limits: <entire design considered>
             Max violations: <unlimited>
             Violations found: 14
+-----------+------------------+----------------------------------------------------+------------+
| Rule      | Severity         | Description                                        | Violations |
+-----------+------------------+----------------------------------------------------+------------+
| TIMING-4  | Critical Warning | Invalid primary clock redefinition on a clock tree | 1          |
| TIMING-6  | Critical Warning | No common primary clock between related clocks     | 1          |
| TIMING-7  | Critical Warning | No common node between related clocks              | 1          |
| TIMING-8  | Critical Warning | No common period between related clocks            | 1          |
| TIMING-27 | Critical Warning | Invalid primary clock on hierarchical pin          | 1          |
| TIMING-16 | Warning          | Large setup violation                              | 7          |
| CLKC-40   | Advisory         | Substitute PLLE4 for MMCME4 check                  | 1          |
| CLKC-56   | Advisory         | MMCME4 with global clock driver has no LOC         | 1          |
+-----------+------------------+----------------------------------------------------+------------+

2. REPORT DETAILS
-----------------
TIMING-4#1 Critical Warning
Invalid primary clock redefinition on a clock tree  
Invalid clock redefinition on a clock tree. The primary clock cms_pix_28_fw_top_bd_i/clk_wiz_0/inst/clk_in1 is defined downstream of clock clk_pl_0 and overrides its insertion delay and/or waveform definition
Related violations: <none>

TIMING-6#1 Critical Warning
No common primary clock between related clocks  
The clocks clk_pl_0 and clk_out1_cms_pix_28_fw_top_bd_clk_wiz_0_0 are related (timed together) but they have no common primary clock. The design could fail in hardware. To find a timing path between these clocks, run the following command: report_timing -from [get_clocks clk_pl_0] -to [get_clocks clk_out1_cms_pix_28_fw_top_bd_clk_wiz_0_0]
Related violations: <none>

TIMING-7#1 Critical Warning
No common node between related clocks  
The clocks clk_pl_0 and clk_out1_cms_pix_28_fw_top_bd_clk_wiz_0_0 are related (timed together) but they have no common node. The design could fail in hardware. To find a timing path between these clocks, run the following command: report_timing -from [get_clocks clk_pl_0] -to [get_clocks clk_out1_cms_pix_28_fw_top_bd_clk_wiz_0_0]
Related violations: <none>

TIMING-8#1 Critical Warning
No common period between related clocks  
The clocks clk_pl_0 and clk_out1_cms_pix_28_fw_top_bd_clk_wiz_0_0 are found related (timed together) but have no common (expandable) period
Related violations: <none>

TIMING-27#1 Critical Warning
Invalid primary clock on hierarchical pin  
A primary clock cms_pix_28_fw_top_bd_i/clk_wiz_0/inst/clk_in1 is created on an inappropriate internal pin cms_pix_28_fw_top_bd_i/clk_wiz_0/inst/clk_in1. It is not recommended to create a primary clock on a hierarchical pin when its driver pin has a fanout connected to multiple clock pins
Related violations: <none>

TIMING-16#1 Warning
Large setup violation  
There is a large setup violation of -1.339 ns between cms_pix_28_fw_top_bd_i/fw_top_v_0/inst/fw_top_inst/fw_ipx_wrap_inst/fw_ip2_inst/com_config_write_regs_inst/w_cfg_static_0_reg_reg[3]/C (clocked by clk_pl_0) and cms_pix_28_fw_top_bd_i/fw_top_v_0/inst/fw_top_inst/fw_ipx_wrap_inst/fw_ip2_inst/fw_bxclk_ana_ff_reg/D (clocked by clk_out1_cms_pix_28_fw_top_bd_clk_wiz_0_0). Large setup violations at the end of those stages might be difficult to fix during the post-placement implementation flow and could be the result of non-optimal XDC constraints or non-optimal design architecture
Related violations: <none>

TIMING-16#2 Warning
Large setup violation  
There is a large setup violation of -1.344 ns between cms_pix_28_fw_top_bd_i/fw_top_v_0/inst/fw_top_inst/fw_ipx_wrap_inst/fw_ip2_inst/com_config_write_regs_inst/w_cfg_static_0_reg_reg[3]/C (clocked by clk_pl_0) and cms_pix_28_fw_top_bd_i/fw_top_v_0/inst/fw_top_inst/fw_ipx_wrap_inst/fw_ip2_inst/fw_bxclk_ff_reg/D (clocked by clk_out1_cms_pix_28_fw_top_bd_clk_wiz_0_0). Large setup violations at the end of those stages might be difficult to fix during the post-placement implementation flow and could be the result of non-optimal XDC constraints or non-optimal design architecture
Related violations: <none>

TIMING-16#3 Warning
Large setup violation  
There is a large setup violation of -1.393 ns between cms_pix_28_fw_top_bd_i/fw_top_v_0/inst/fw_top_inst/fw_ipx_wrap_inst/fw_ip2_inst/com_config_write_regs_inst/w_cfg_static_0_reg_reg[3]/C (clocked by clk_pl_0) and cms_pix_28_fw_top_bd_i/fw_top_v_0/inst/fw_top_inst/fw_ipx_wrap_inst/fw_ip2_inst/fw_pl_clk1_cnt_reg[1]/R (clocked by clk_out1_cms_pix_28_fw_top_bd_clk_wiz_0_0). Large setup violations at the end of those stages might be difficult to fix during the post-placement implementation flow and could be the result of non-optimal XDC constraints or non-optimal design architecture
Related violations: <none>

TIMING-16#4 Warning
Large setup violation  
There is a large setup violation of -1.393 ns between cms_pix_28_fw_top_bd_i/fw_top_v_0/inst/fw_top_inst/fw_ipx_wrap_inst/fw_ip2_inst/com_config_write_regs_inst/w_cfg_static_0_reg_reg[3]/C (clocked by clk_pl_0) and cms_pix_28_fw_top_bd_i/fw_top_v_0/inst/fw_top_inst/fw_ipx_wrap_inst/fw_ip2_inst/fw_pl_clk1_cnt_reg[2]/R (clocked by clk_out1_cms_pix_28_fw_top_bd_clk_wiz_0_0). Large setup violations at the end of those stages might be difficult to fix during the post-placement implementation flow and could be the result of non-optimal XDC constraints or non-optimal design architecture
Related violations: <none>

TIMING-16#5 Warning
Large setup violation  
There is a large setup violation of -1.393 ns between cms_pix_28_fw_top_bd_i/fw_top_v_0/inst/fw_top_inst/fw_ipx_wrap_inst/fw_ip2_inst/com_config_write_regs_inst/w_cfg_static_0_reg_reg[3]/C (clocked by clk_pl_0) and cms_pix_28_fw_top_bd_i/fw_top_v_0/inst/fw_top_inst/fw_ipx_wrap_inst/fw_ip2_inst/fw_pl_clk1_cnt_reg[3]/R (clocked by clk_out1_cms_pix_28_fw_top_bd_clk_wiz_0_0). Large setup violations at the end of those stages might be difficult to fix during the post-placement implementation flow and could be the result of non-optimal XDC constraints or non-optimal design architecture
Related violations: <none>

TIMING-16#6 Warning
Large setup violation  
There is a large setup violation of -1.393 ns between cms_pix_28_fw_top_bd_i/fw_top_v_0/inst/fw_top_inst/fw_ipx_wrap_inst/fw_ip2_inst/com_config_write_regs_inst/w_cfg_static_0_reg_reg[3]/C (clocked by clk_pl_0) and cms_pix_28_fw_top_bd_i/fw_top_v_0/inst/fw_top_inst/fw_ipx_wrap_inst/fw_ip2_inst/fw_pl_clk1_cnt_reg[4]/R (clocked by clk_out1_cms_pix_28_fw_top_bd_clk_wiz_0_0). Large setup violations at the end of those stages might be difficult to fix during the post-placement implementation flow and could be the result of non-optimal XDC constraints or non-optimal design architecture
Related violations: <none>

TIMING-16#7 Warning
Large setup violation  
There is a large setup violation of -1.393 ns between cms_pix_28_fw_top_bd_i/fw_top_v_0/inst/fw_top_inst/fw_ipx_wrap_inst/fw_ip2_inst/com_config_write_regs_inst/w_cfg_static_0_reg_reg[3]/C (clocked by clk_pl_0) and cms_pix_28_fw_top_bd_i/fw_top_v_0/inst/fw_top_inst/fw_ipx_wrap_inst/fw_ip2_inst/fw_pl_clk1_cnt_reg[5]/R (clocked by clk_out1_cms_pix_28_fw_top_bd_clk_wiz_0_0). Large setup violations at the end of those stages might be difficult to fix during the post-placement implementation flow and could be the result of non-optimal XDC constraints or non-optimal design architecture
Related violations: <none>

CLKC-40#1 Advisory
Substitute PLLE4 for MMCME4 check  
The MMCME4 cell cms_pix_28_fw_top_bd_i/clk_wiz_0/inst/mmcme4_adv_inst has a single input clock whose source driver, UNKNOWN, is not optimally located and the MMCM has a configuration which could be accommodated by a PLL.  Consider changing the MMCM to a PLL which could align better with the input clock driver.
Related violations: <none>

CLKC-56#1 Advisory
MMCME4 with global clock driver has no LOC  
The MMCME4_ADV cell cms_pix_28_fw_top_bd_i/clk_wiz_0/inst/mmcme4_adv_inst CLKIN1 or CLKIN2 pin is driven by global Clock buffer(s) cms_pix_28_fw_top_bd_i/zynq_ultra_ps_e_0/inst/buffer_pl_clk_0.PL_CLK_0_BUFG and does not have a LOC constraint. It is recommended to LOC the MMCM and use the CLOCK_DEDICATED_ROUTE constraint on the net(s) driven by the global Clock buffer(s).
Related violations: <none>


