#-----------------------------------------------------------
# Vivado v2022.1 (64-bit)
# SW Build 3526262 on Mon Apr 18 15:47:01 MDT 2022
# IP Build 3524634 on Mon Apr 18 20:55:01 MDT 2022
# Start of session at: Thu Jun 13 20:03:23 2024
# Process ID: 75916
# Current directory: /asic/projects/C/CMS_PIX_28/gingu/spacely/spacely-caribou-common-blocks/cms_pix_28_test_firmware/vivado/cms_pix_28_test_firmware.runs/impl_1
# Command line: vivado -log cms_pix_28_fw_top_bd_wrapper.vdi -applog -product Vivado -messageDb vivado.pb -mode batch -source cms_pix_28_fw_top_bd_wrapper.tcl -notrace
# Log file: /asic/projects/C/CMS_PIX_28/gingu/spacely/spacely-caribou-common-blocks/cms_pix_28_test_firmware/vivado/cms_pix_28_test_firmware.runs/impl_1/cms_pix_28_fw_top_bd_wrapper.vdi
# Journal file: /asic/projects/C/CMS_PIX_28/gingu/spacely/spacely-caribou-common-blocks/cms_pix_28_test_firmware/vivado/cms_pix_28_test_firmware.runs/impl_1/vivado.jou
# Running On: fasic-beast2.fnal.gov, OS: Linux, CPU Frequency: 1200.036 MHz, CPU Physical cores: 32, Host memory: 540748 MB
#-----------------------------------------------------------
source cms_pix_28_fw_top_bd_wrapper.tcl -notrace
